Scope: all 4 workspace projects
Lockfile is up to date, resolution step is skipped
Progress: resolved 1, reused 0, downloaded 0, added 0
Packages: +423
++++++++++++++++++++++++++++++++++++++++++++++++++++++++++++++++++++++++++++++++
Progress: resolved 423, reused 423, downloaded 0, added 208
Progress: resolved 423, reused 423, downloaded 0, added 423, done

devDependencies:
+ concurrently 10.0.0
+ oxfmt 0.63.0
+ oxlint 1.78.0
+ typescript 5.8.3

╭ Warning ─────────────────────────────────────────────────────────────────────╮
│                                                                              │
│   Ignored build scripts: esbuild@0.25.12, esbuild@0.28.0,                    │
│   msgpackr-extract@3.0.4.                                                    │
│   Run "pnpm approve-builds" to pick which dependencies should be allowed     │
│   to run scripts.                                                            │
│                                                                              │
╰──────────────────────────────────────────────────────────────────────────────╯
Done in 2.6s using pnpm v10.30.1
